/home/alphaone/Documents/safety-landing-point-detection-for-drone/install/gng_node/lib/python3.10/site-packages/gng_node/dbl_gng.py
/home/alphaone/Documents/safety-landing-point-detection-for-drone/install/gng_node/lib/python3.10/site-packages/gng_node/dbl_gng_cpu.py
/home/alphaone/Documents/safety-landing-point-detection-for-drone/install/gng_node/lib/python3.10/site-packages/gng_node/__init__.py
/home/alphaone/Documents/safety-landing-point-detection-for-drone/install/gng_node/lib/python3.10/site-packages/gng_node/dbl_gng_node.py
/home/alphaone/Documents/safety-landing-point-detection-for-drone/install/gng_node/lib/python3.10/site-packages/gng_node/dbl_gng_cpu_node.py
/home/alphaone/Documents/safety-landing-point-detection-for-drone/install/gng_node/lib/python3.10/site-packages/gng_node/__pycache__/dbl_gng.cpython-310.pyc
/home/alphaone/Documents/safety-landing-point-detection-for-drone/install/gng_node/lib/python3.10/site-packages/gng_node/__pycache__/dbl_gng_cpu.cpython-310.pyc
/home/alphaone/Documents/safety-landing-point-detection-for-drone/install/gng_node/lib/python3.10/site-packages/gng_node/__pycache__/__init__.cpython-310.pyc
/home/alphaone/Documents/safety-landing-point-detection-for-drone/install/gng_node/lib/python3.10/site-packages/gng_node/__pycache__/dbl_gng_node.cpython-310.pyc
/home/alphaone/Documents/safety-landing-point-detection-for-drone/install/gng_node/lib/python3.10/site-packages/gng_node/__pycache__/dbl_gng_cpu_node.cpython-310.pyc
/home/alphaone/Documents/safety-landing-point-detection-for-drone/install/gng_node/share/ament_index/resource_index/packages/gng_node
/home/alphaone/Documents/safety-landing-point-detection-for-drone/install/gng_node/share/gng_node/package.xml
/home/alphaone/Documents/safety-landing-point-detection-for-drone/install/gng_node/lib/python3.10/site-packages/gng_node-0.0.0-py3.10.egg-info/SOURCES.txt
/home/alphaone/Documents/safety-landing-point-detection-for-drone/install/gng_node/lib/python3.10/site-packages/gng_node-0.0.0-py3.10.egg-info/top_level.txt
/home/alphaone/Documents/safety-landing-point-detection-for-drone/install/gng_node/lib/python3.10/site-packages/gng_node-0.0.0-py3.10.egg-info/dependency_links.txt
/home/alphaone/Documents/safety-landing-point-detection-for-drone/install/gng_node/lib/python3.10/site-packages/gng_node-0.0.0-py3.10.egg-info/entry_points.txt
/home/alphaone/Documents/safety-landing-point-detection-for-drone/install/gng_node/lib/python3.10/site-packages/gng_node-0.0.0-py3.10.egg-info/zip-safe
/home/alphaone/Documents/safety-landing-point-detection-for-drone/install/gng_node/lib/python3.10/site-packages/gng_node-0.0.0-py3.10.egg-info/PKG-INFO
/home/alphaone/Documents/safety-landing-point-detection-for-drone/install/gng_node/lib/python3.10/site-packages/gng_node-0.0.0-py3.10.egg-info/requires.txt
/home/alphaone/Documents/safety-landing-point-detection-for-drone/install/gng_node/lib/gng_node/dbl_gng_cpu_node
/home/alphaone/Documents/safety-landing-point-detection-for-drone/install/gng_node/lib/gng_node/dbl_gng_node
